2025-07-20 16:10:00 | INFO | repo=WebExample | action=pull
2025-10-08 09:25:00 | WARN | repo=WebExample | action=commit
2025-10-13 07:52:00 | WARN | repo=WebExample | action=commit
2025-09-01 14:26:00 | DEBUG | repo=WebExample | action=commit
2025-05-13 15:58:00 | INFO | repo=WebExample | action=pull
2025-11-21 08:35:00 | WARN | repo=WebExample | action=commit
2025-11-19 17:22:00 | INFO | repo=WebExample | action=pull
2025-11-20 16:33:00 | DEBUG | repo=WebExample | action=commit
2025-05-08 15:27:00 | DEBUG | repo=WebExample | action=edit | files=3
2025-07-21 12:18:00 | WARN | repo=WebExample | action=commit
2025-11-17 07:34:00 | INFO | repo=WebExample | action=commit
2025-10-07 21:35:00 | INFO | repo=WebExample | action=commit
2025-02-12 21:26:00 | INFO | repo=WebExample | action=commit
2025-10-21 16:48:00 | DEBUG | repo=WebExample | action=commit
2025-12-10 13:16:00 | INFO | repo=WebExample | action=commit
2025-12-27 08:45:00 | DEBUG | repo=WebExample | action=commit
2025-02-24 20:22:00 | INFO | repo=WebExample | action=test | passed=true
2025-11-17 15:10:00 | WARN | repo=WebExample | action=commit
2025-12-23 21:52:00 | INFO | repo=WebExample | action=commit
2025-05-06 19:29:00 | WARN | repo=WebExample | action=commit
2025-12-03 14:16:00 | INFO | repo=WebExample | action=commit
2025-04-28 19:59:00 | DEBUG | repo=WebExample | action=pull
2025-07-15 09:58:00 | WARN | repo=WebExample | action=commit
2025-11-18 16:58:00 | DEBUG | repo=WebExample | action=commit
2025-03-08 10:55:00 | DEBUG | repo=WebExample | action=commit
2025-04-08 21:12:00 | WARN | repo=WebExample | action=commit
2025-10-03 08:16:00 | INFO | repo=WebExample | action=commit
2025-07-14 21:14:00 | DEBUG | repo=WebExample | action=commit
2025-11-21 20:19:00 | INFO | repo=WebExample | action=commit
2025-05-07 17:01:00 | INFO | repo=WebExample | action=pull
2025-07-19 08:58:00 | DEBUG | repo=WebExample | action=edit | files=5
2025-10-18 12:48:00 | WARN | repo=WebExample | action=commit
2025-12-26 12:34:00 | WARN | repo=WebExample | action=test | passed=true
2025-01-14 14:33:00 | INFO | repo=WebExample | action=edit | files=5
2025-03-06 16:22:00 | DEBUG | repo=WebExample | action=commit
2025-08-28 08:24:00 | WARN | repo=WebExample | action=commit
2025-06-15 15:33:00 | INFO | repo=WebExample | action=commit
2025-03-23 07:49:00 | WARN | repo=WebExample | action=commit
2025-02-24 18:45:00 | INFO | repo=WebExample | action=commit
2025-11-15 18:42:00 | DEBUG | repo=WebExample | action=commit
2025-12-11 10:30:00 | INFO | repo=WebExample | action=commit
2025-05-20 19:09:00 | DEBUG | repo=WebExample | action=commit
2025-03-23 07:26:00 | INFO | repo=WebExample | action=commit
2025-05-09 19:57:00 | INFO | repo=WebExample | action=commit
2025-06-26 07:36:00 | WARN | repo=WebExample | action=commit
2025-12-27 10:27:00 | INFO | repo=WebExample | action=test | passed=true
2025-03-28 07:40:00 | WARN | repo=WebExample | action=commit
2025-10-08 12:31:00 | DEBUG | repo=WebExample | action=commit
2025-02-06 19:15:00 | INFO | repo=WebExample | action=pull
2025-01-27 09:09:00 | WARN | repo=WebExample | action=commit
2025-11-03 08:38:00 | DEBUG | repo=WebExample | action=edit | files=1
2025-08-22 09:59:00 | WARN | repo=WebExample | action=commit
2025-06-23 19:15:00 | DEBUG | repo=WebExample | action=commit
2025-01-15 12:07:00 | DEBUG | repo=WebExample | action=pull
2025-07-11 09:27:00 | DEBUG | repo=WebExample | action=test | passed=true
2025-04-19 15:25:00 | INFO | repo=WebExample | action=test | passed=true
2025-03-09 08:43:00 | WARN | repo=WebExample | action=commit
2025-11-27 15:22:00 | INFO | repo=WebExample | action=pull
2025-01-25 21:28:00 | DEBUG | repo=WebExample | action=commit
2025-11-12 07:11:00 | WARN | repo=WebExample | action=commit
2025-02-23 11:24:00 | WARN | repo=WebExample | action=commit
2025-11-13 12:29:00 | WARN | repo=WebExample | action=commit
2025-05-01 18:02:00 | WARN | repo=WebExample | action=pull
2025-08-23 08:15:00 | DEBUG | repo=WebExample | action=commit
2025-08-11 15:00:00 | DEBUG | repo=WebExample | action=test | passed=true
2025-09-18 20:03:00 | DEBUG | repo=WebExample | action=commit
2025-01-20 12:57:00 | DEBUG | repo=WebExample | action=test | passed=true
2025-05-03 07:11:00 | WARN | repo=WebExample | action=commit
2025-10-22 10:20:00 | INFO | repo=WebExample | action=test | passed=true
2025-09-09 19:48:00 | DEBUG | repo=WebExample | action=pull
2025-01-02 07:48:00 | DEBUG | repo=WebExample | action=commit
2025-02-16 08:32:00 | WARN | repo=WebExample | action=commit
2025-06-20 08:51:00 | WARN | repo=WebExample | action=pull
2025-04-24 07:37:00 | INFO | repo=WebExample | action=commit
2025-12-21 18:56:00 | INFO | repo=WebExample | action=commit
2025-10-09 12:39:00 | DEBUG | repo=WebExample | action=commit
2025-07-19 15:01:00 | WARN | repo=WebExample | action=commit
2025-11-15 07:07:00 | WARN | repo=WebExample | action=pull
2025-10-14 11:20:00 | DEBUG | repo=WebExample | action=test | passed=true
2025-09-08 19:07:00 | DEBUG | repo=WebExample | action=pull
2025-06-06 21:14:00 | WARN | repo=WebExample | action=test | passed=true
2025-04-07 10:25:00 | DEBUG | repo=WebExample | action=edit | files=2
2025-11-28 18:07:00 | INFO | repo=WebExample | action=commit
2025-05-22 08:21:00 | INFO | repo=WebExample | action=test | passed=true
2025-11-21 20:58:00 | WARN | repo=WebExample | action=commit
2025-08-18 15:37:00 | DEBUG | repo=WebExample | action=commit
2025-02-02 21:57:00 | WARN | repo=WebExample | action=commit
2025-06-20 11:08:00 | WARN | repo=WebExample | action=commit
2025-09-04 19:51:00 | WARN | repo=WebExample | action=commit
2025-12-12 18:03:00 | WARN | repo=WebExample | action=commit
2025-04-26 18:27:00 | WARN | repo=WebExample | action=commit
2025-03-21 18:18:00 | INFO | repo=WebExample | action=commit
2025-07-13 13:39:00 | INFO | repo=WebExample | action=commit
2025-02-25 10:50:00 | WARN | repo=WebExample | action=edit | files=4
2025-08-07 19:28:00 | WARN | repo=WebExample | action=commit
2025-01-20 13:40:00 | DEBUG | repo=WebExample | action=test | passed=true
2025-04-25 21:40:00 | INFO | repo=WebExample | action=commit
2025-01-02 12:28:00 | INFO | repo=WebExample | action=commit
2025-09-01 12:45:00 | INFO | repo=WebExample | action=commit
2025-02-13 12:31:00 | WARN | repo=WebExample | action=edit | files=4
2025-12-28 07:11:00 | INFO | repo=WebExample | action=commit
2025-09-06 19:42:00 | DEBUG | repo=WebExample | action=test | passed=true
2025-01-21 09:05:00 | INFO | repo=WebExample | action=test | passed=true
2025-02-07 19:35:00 | WARN | repo=WebExample | action=commit
2025-11-06 17:51:00 | WARN | repo=WebExample | action=commit
2025-07-03 07:53:00 | DEBUG | repo=WebExample | action=commit
2025-01-07 17:35:00 | WARN | repo=WebExample | action=edit | files=4
2025-10-15 18:50:00 | DEBUG | repo=WebExample | action=commit
2025-03-18 09:48:00 | WARN | repo=WebExample | action=commit
2025-09-20 12:58:00 | WARN | repo=WebExample | action=commit
2025-08-03 08:51:00 | DEBUG | repo=WebExample | action=edit | files=5
2025-07-04 07:00:00 | DEBUG | repo=WebExample | action=test | passed=true
2025-11-10 13:43:00 | INFO | repo=WebExample | action=commit
2025-03-01 19:35:00 | INFO | repo=WebExample | action=pull
2026-04-11 16:29:00 | DEBUG | repo=WebExample | action=commit
2026-02-14 10:28:00 | INFO | repo=WebExample | action=commit
2026-03-06 14:19:00 | DEBUG | repo=WebExample | action=pull
2026-07-11 07:12:00 | DEBUG | repo=WebExample | action=edit | files=2
2026-01-18 13:25:00 | DEBUG | repo=WebExample | action=commit
2026-08-16 08:31:00 | WARN | repo=WebExample | action=pull
2026-10-07 09:46:00 | INFO | repo=WebExample | action=commit
2026-06-22 21:43:00 | DEBUG | repo=WebExample | action=edit | files=5
2026-09-02 09:27:00 | DEBUG | repo=WebExample | action=commit
2026-07-05 07:55:00 | WARN | repo=WebExample | action=commit
2026-01-17 20:16:00 | DEBUG | repo=WebExample | action=pull
2026-04-06 15:29:00 | WARN | repo=WebExample | action=commit
2026-01-26 20:46:00 | INFO | repo=WebExample | action=commit
2026-04-10 21:45:00 | DEBUG | repo=WebExample | action=test | passed=true
2025-03-20 08:12:00 | INFO | repo=WebExample | action=commit
2025-03-28 13:29:00 | WARN | repo=WebExample | action=commit
2025-04-17 19:13:00 | DEBUG | repo=WebExample | action=pull
2025-05-16 19:27:00 | DEBUG | repo=WebExample | action=commit
2025-02-03 11:45:00 | DEBUG | repo=WebExample | action=commit
2025-10-14 09:20:00 | DEBUG | repo=WebExample | action=commit
2025-02-17 21:23:00 | DEBUG | repo=WebExample | action=commit
2025-08-06 07:39:00 | WARN | repo=WebExample | action=commit
2025-12-18 21:48:00 | WARN | repo=WebExample | action=commit
2025-06-11 20:06:00 | DEBUG | repo=WebExample | action=edit | files=3
2025-11-23 17:26:00 | DEBUG | repo=WebExample | action=commit
2025-03-10 09:17:00 | WARN | repo=WebExample | action=commit
2025-07-03 18:54:00 | WARN | repo=WebExample | action=commit
2025-04-02 10:17:00 | WARN | repo=WebExample | action=commit
2025-11-27 13:23:00 | INFO | repo=WebExample | action=commit
2025-09-05 12:30:00 | WARN | repo=WebExample | action=commit
2025-04-09 16:42:00 | DEBUG | repo=WebExample | action=commit
2025-02-09 13:44:00 | DEBUG | repo=WebExample | action=commit
2025-01-07 18:21:00 | INFO | repo=WebExample | action=pull
2025-06-01 10:05:00 | INFO | repo=WebExample | action=commit
2025-01-06 08:17:00 | WARN | repo=WebExample | action=commit
2025-10-18 18:50:00 | WARN | repo=WebExample | action=test | passed=true
2025-02-28 07:04:00 | INFO | repo=WebExample | action=commit
2025-12-10 16:39:00 | DEBUG | repo=WebExample | action=commit
2025-01-21 09:27:00 | DEBUG | repo=WebExample | action=pull
2025-08-02 15:50:00 | INFO | repo=WebExample | action=commit
2025-03-11 16:35:00 | WARN | repo=WebExample | action=pull
2025-10-20 08:42:00 | DEBUG | repo=WebExample | action=commit
2025-08-26 17:50:00 | DEBUG | repo=WebExample | action=commit
2025-07-21 19:05:00 | WARN | repo=WebExample | action=commit
2025-05-06 13:27:00 | INFO | repo=WebExample | action=commit
2025-12-04 19:20:00 | INFO | repo=WebExample | action=commit
2025-07-19 17:40:00 | WARN | repo=WebExample | action=commit
2025-07-16 14:29:00 | DEBUG | repo=WebExample | action=commit
2025-12-16 08:21:00 | DEBUG | repo=WebExample | action=commit
2025-10-23 21:26:00 | DEBUG | repo=WebExample | action=commit
2025-02-18 19:05:00 | WARN | repo=WebExample | action=edit | files=3
2025-07-21 16:22:00 | WARN | repo=WebExample | action=commit
2025-04-07 18:38:00 | WARN | repo=WebExample | action=edit | files=2
2025-06-16 16:53:00 | DEBUG | repo=WebExample | action=commit
2025-11-25 17:12:00 | DEBUG | repo=WebExample | action=edit | files=1
2025-09-18 07:57:00 | INFO | repo=WebExample | action=test | passed=true
2025-01-19 15:37:00 | WARN | repo=WebExample | action=pull
2025-11-06 13:20:00 | WARN | repo=WebExample | action=commit
2025-02-13 19:30:00 | WARN | repo=WebExample | action=edit | files=3
2025-10-08 09:35:00 | WARN | repo=WebExample | action=commit
2025-02-26 10:31:00 | WARN | repo=WebExample | action=commit
2025-12-20 09:25:00 | INFO | repo=WebExample | action=commit
2025-03-04 19:23:00 | WARN | repo=WebExample | action=commit
2025-08-01 18:10:00 | INFO | repo=WebExample | action=commit
2025-08-19 18:32:00 | INFO | repo=WebExample | action=commit
2025-04-10 09:06:00 | DEBUG | repo=WebExample | action=commit
2025-07-08 07:26:00 | WARN | repo=WebExample | action=commit
2025-09-09 16:30:00 | WARN | repo=WebExample | action=commit
2025-07-18 11:17:00 | WARN | repo=WebExample | action=test | passed=true
2025-04-02 18:17:00 | WARN | repo=WebExample | action=test | passed=true
2025-02-08 19:51:00 | WARN | repo=WebExample | action=edit | files=3
2025-10-09 17:59:00 | INFO | repo=WebExample | action=commit
2025-10-25 14:22:00 | DEBUG | repo=WebExample | action=test | passed=true
2025-07-08 20:15:00 | WARN | repo=WebExample | action=commit
2025-08-19 12:55:00 | WARN | repo=WebExample | action=commit
2025-05-03 11:34:00 | DEBUG | repo=WebExample | action=pull
2025-07-24 11:35:00 | INFO | repo=WebExample | action=commit
2025-12-04 21:00:00 | WARN | repo=WebExample | action=commit
2025-06-04 12:23:00 | WARN | repo=WebExample | action=commit
2025-09-24 18:48:00 | DEBUG | repo=WebExample | action=pull
2025-08-05 18:34:00 | WARN | repo=WebExample | action=test | passed=true
2025-12-08 17:24:00 | INFO | repo=WebExample | action=test | passed=true
2025-02-27 14:39:00 | WARN | repo=WebExample | action=commit
2025-02-26 15:53:00 | WARN | repo=WebExample | action=commit
2025-02-17 11:41:00 | WARN | repo=WebExample | action=commit
2025-05-26 11:04:00 | WARN | repo=WebExample | action=commit
2025-08-07 15:56:00 | WARN | repo=WebExample | action=commit
2025-12-03T14:18:00 | nonce=15177731911934762630
2025-11-15T09:19:00 | nonce=931483400059565180
2025-08-23T12:12:00 | nonce=8664651406731860137
2025-02-05T15:35:00 | nonce=17057513774264961430
2025-06-18T20:54:00 | nonce=11145168469514583185
2025-04-22T19:19:00 | nonce=4880951722707461297
2025-03-22T16:19:00 | nonce=3854352992099001794
2025-08-21T18:49:00 | nonce=1285168596193991452
2025-06-22T13:27:00 | nonce=11679069993852017591
2025-03-25T12:01:00 | nonce=7519729018181878549
2025-09-08T20:48:00 | nonce=17046302411982913003
2025-10-09T15:56:00 | nonce=4238875470928897078
2025-02-21T15:11:00 | nonce=16539057427639224302
2025-03-11T13:02:00 | nonce=11556216597414982424
2025-03-27T09:50:00 | nonce=2792876277193763398
2025-08-15T19:34:00 | nonce=7755069907741909078
2025-09-11T17:06:00 | nonce=3471116376396841349
2025-09-12T13:30:00 | nonce=16650417570471516946
2025-10-21T17:53:00 | nonce=5852317939399885441
2025-11-02T14:35:00 | nonce=2097951326805098388
2025-02-07T13:42:00 | nonce=8656356639186217257
2025-04-28T12:13:00 | nonce=9974963974555689049
2025-12-16T17:03:00 | nonce=234703690402680640
2025-02-05T16:09:00 | nonce=11892163481502097981
2025-07-21T14:02:00 | nonce=5804174159975249534
2025-10-25T12:07:00 | nonce=2619131285173754029
